main.c:147:5:main	8	static
main.c:237:6:SystemClock_Config	256	static
main.c:312:13:MX_ADC1_Init	48	static
main.c:376:13:MX_I2C3_Init	8	static
main.c:422:13:MX_LPUART1_UART_Init	8	static
main.c:470:13:MX_USB_OTG_FS_PCD_Init	8	static
main.c:504:13:MX_GPIO_Init	64	static
main.c:613:6:HAL_GPIO_EXTI_Callback	16	static
main.c:742:6:HAL_UART_RxCpltCallback	16	static
main.c:772:6:UpdateFirstFloor	8	static
main.c:802:6:UpdateSecondFloor	8	static
main.c:838:6:ChangePinState	16	static
main.c:930:6:StartUpdate	16	static
main.c:950:6:StartRead	16	static
main.c:978:6:HAL_TIM_PeriodElapsedCallback	16	static
main.c:995:6:Error_Handler	4	static,ignoring_inline_asm
